Error saving audit event: no such table: audit_events
Error saving audit event: no such table: audit_events
Error saving audit event: no such table: audit_events
Error saving audit event: no such table: audit_events
Error saving audit event: no such table: audit_events
Error saving audit event: no such table: audit_events
Error saving audit event: no such table: audit_events
Error saving audit event: no such table: audit_events
Error saving audit event: no such table: audit_events
Error saving audit event: no such table: audit_events
Error saving audit event: no such table: audit_events
Error saving audit event: no such table: audit_events
Error saving audit event: no such table: audit_events
Error saving audit event: no such table: audit_events
Error saving audit event: no such table: audit_events
Error saving audit event: no such table: audit_events
Error saving audit event: no such table: audit_events
Error saving audit event: no such table: audit_events
Error saving audit event: no such table: audit_events
Error saving audit event: no such table: audit_events
Error saving audit event: no such table: audit_events
Error saving audit event: no such table: audit_events
Error saving audit event: no such table: audit_events
Error saving audit event: no such table: audit_events
Error saving audit event: no such table: audit_events
Error saving audit event: no such table: audit_events
Error saving audit event: no such table: audit_events
Error saving audit event: no such table: audit_events
Error saving audit event: no such table: audit_events
Error saving audit event: no such table: audit_events
Error saving audit event: no such table: audit_events
Error saving audit event: no such table: audit_events
Error saving audit event: no such table: audit_events
Error saving audit event: no such table: audit_events
Error saving audit event: no such table: audit_events
Error saving audit event: no such table: audit_events
Error saving audit event: no such table: audit_events
Error saving audit event: no such table: audit_events
Error saving audit event: no such table: audit_events
Error saving audit event: no such table: audit_events
Error saving audit event: no such table: audit_events
Error saving audit event: no such table: audit_events
Error saving audit event: no such table: audit_events
Error saving audit event: no such table: audit_events
Error saving audit event: no such table: audit_events
Error saving audit event: no such table: audit_events
Error saving audit event: no such table: audit_events
Error saving audit event: no such table: audit_events
Error saving audit event: no such table: audit_events
Error saving audit event: no such table: audit_events
Error saving audit event: no such table: audit_events
Error saving audit event: no such table: audit_events
Error saving audit event: no such table: audit_events
Error saving audit event: no such table: audit_events
Error saving audit event: no such table: audit_events
Error saving audit event: no such table: audit_events
Error saving audit event: no such table: audit_events
Error saving audit event: no such table: audit_events
Error saving audit event: no such table: audit_events
Error saving audit event: no such table: audit_events
Error saving audit event: no such table: audit_events
Error saving audit event: no such table: audit_events
Error saving audit event: no such table: audit_events
Error saving audit event: no such table: audit_events
Error saving audit event: no such table: audit_events
Error saving audit event: no such table: audit_events
Error saving audit event: no such table: audit_events
Error saving audit event: no such table: audit_events
Error saving audit event: no such table: audit_events
Error saving audit event: no such table: audit_events
Error saving audit event: no such table: audit_events
Error saving audit event: no such table: audit_events
Error saving audit event: no such table: audit_events
Error saving audit event: no such table: audit_events
Error saving audit event: no such table: audit_events
Error saving audit event: no such table: audit_events
Error saving audit event: no such table: audit_events
Error saving audit event: no such table: audit_events
Error saving audit event: no such table: audit_events
Error saving audit event: no such table: audit_events
Error saving audit event: no such table: audit_events
Error saving audit event: no such table: audit_events
Error saving audit event: no such table: audit_events
Error saving audit event: no such table: audit_events
Error saving audit event: no such table: audit_events
Error saving audit event: no such table: audit_events
Error saving audit event: no such table: audit_events
Error saving audit event: no such table: audit_events
Error saving audit event: no such table: audit_events
Error saving audit event: no such table: audit_events
Error saving audit event: no such table: audit_events
Error saving audit event: no such table: audit_events
Error saving audit event: no such table: audit_events
Error saving audit event: no such table: audit_events
Error saving audit event: no such table: audit_events
Error saving audit event: no such table: audit_events
Error saving audit event: no such table: audit_events
Error saving audit event: no such table: audit_events
Error saving audit event: no such table: audit_events
Error saving audit event: no such table: audit_events
Error saving audit event: no such table: audit_events
Error saving audit event: no such table: audit_events
Error saving audit event: no such table: audit_events
Error saving audit event: no such table: audit_events
Error saving audit event: no such table: audit_events
Error saving audit event: no such table: audit_events
Error saving audit event: no such table: audit_events
Error saving audit event: no such table: audit_events
Error saving audit event: no such table: audit_events
Error saving audit event: no such table: audit_events
Error saving audit event: no such table: audit_events
Error saving audit event: no such table: audit_events
Error saving audit event: no such table: audit_events
Error saving audit event: no such table: audit_events
Error saving audit event: no such table: audit_events
Error saving audit event: no such table: audit_events
Error saving audit event: no such table: audit_events
Error saving audit event: no such table: audit_events
Error saving audit event: no such table: audit_events
Error saving audit event: no such table: audit_events
Error saving audit event: no such table: audit_events
Error saving audit event: no such table: audit_events
Error saving audit event: no such table: audit_events
Error saving audit event: no such table: audit_events
Error saving audit event: no such table: audit_events
Error saving audit event: no such table: audit_events
Error saving audit event: no such table: audit_events
Error saving audit event: no such table: audit_events
Error saving audit event: no such table: audit_events
Error saving audit event: no such table: audit_events
Error saving audit event: no such table: audit_events
Error saving audit event: no such table: audit_events
Error saving audit event: no such table: audit_events
Error saving audit event: no such table: audit_events
Error saving audit event: no such table: audit_events
Error saving audit event: no such table: audit_events
Error saving audit event: no such table: audit_events
Error saving audit event: no such table: audit_events
Error saving audit event: no such table: audit_events
Error saving audit event: no such table: audit_events
Error saving audit event: no such table: audit_events
Error saving audit event: no such table: audit_events
Error saving audit event: no such table: audit_events
Error saving audit event: no such table: audit_events
Error saving audit event: no such table: audit_events
Error saving audit event: no such table: audit_events
Error saving audit event: no such table: audit_events
Error saving audit event: no such table: audit_events
Error saving audit event: no such table: audit_events
Error saving audit event: no such table: audit_events
Error saving audit event: no such table: audit_events
Error saving audit event: no such table: audit_events
Error saving audit event: no such table: audit_events
Error saving audit event: no such table: audit_events
Error saving audit event: no such table: audit_events
Error saving audit event: no such table: audit_events
Error saving audit event: no such table: audit_events
Error saving audit event: no such table: audit_events
Error saving audit event: no such table: audit_events
Error saving audit event: no such table: audit_events
Error saving audit event: no such table: audit_events
Error saving audit event: no such table: audit_events
Error saving audit event: no such table: audit_events
Error saving audit event: no such table: audit_events
Error saving audit event: no such table: audit_events
Error saving audit event: no such table: audit_events
Error saving audit event: no such table: audit_events
Error saving audit event: no such table: audit_events
Error saving audit event: no such table: audit_events
Error saving audit event: no such table: audit_events
Error saving audit event: no such table: audit_events
Error saving audit event: no such table: audit_events
Error saving audit event: no such table: audit_events
Error saving audit event: no such table: audit_events
Error saving audit event: no such table: audit_events
Error saving audit event: no such table: audit_events
Error saving audit event: no such table: audit_events
Error saving audit event: no such table: audit_events
Error saving audit event: no such table: audit_events
Error saving audit event: no such table: audit_events
Error saving audit event: no such table: audit_events
Error saving audit event: no such table: audit_events
Error saving audit event: no such table: audit_events
Error saving audit event: no such table: audit_events
Error saving audit event: no such table: audit_events
Error saving audit event: no such table: audit_events
Error saving audit event: no such table: audit_events
Error saving audit event: no such table: audit_events
Error saving audit event: no such table: audit_events
Error saving audit event: no such table: audit_events
Error saving audit event: no such table: audit_events
Error saving audit event: no such table: audit_events
Error saving audit event: no such table: audit_events
Error saving audit event: no such table: audit_events
Error saving audit event: no such table: audit_events
Error saving audit event: no such table: audit_events
Error saving audit event: no such table: audit_events
Error saving audit event: no such table: audit_events
Error saving audit event: no such table: audit_events
Error saving audit event: no such table: audit_events
Error saving audit event: no such table: audit_events
Error saving audit event: no such table: audit_events
Error saving audit event: no such table: audit_events
Error saving audit event: no such table: audit_events
Error saving audit event: no such table: audit_events
Error saving audit event: no such table: audit_events
Error saving audit event: no such table: audit_events
Error saving audit event: no such table: audit_events
Error saving audit event: no such table: audit_events
Error saving audit event: no such table: audit_events
Error saving audit event: no such table: audit_events
Error saving audit event: no such table: audit_events
Error saving audit event: no such table: audit_events
Error saving audit event: no such table: audit_events
Error saving audit event: no such table: audit_events
Error saving audit event: no such table: audit_events
Error saving audit event: no such table: audit_events
Error saving audit event: no such table: audit_events
Error saving audit event: no such table: audit_events
Error saving audit event: no such table: audit_events
Error saving audit event: no such table: audit_events
Error saving audit event: no such table: audit_events
Error saving audit event: no such table: audit_events
Error saving audit event: no such table: audit_events
Error saving audit event: no such table: audit_events
Error saving audit event: no such table: audit_events
Error saving audit event: no such table: audit_events
Error saving audit event: no such table: audit_events
Error saving audit event: no such table: audit_events
Error saving audit event: no such table: audit_events
Error saving audit event: no such table: audit_events
Error saving audit event: no such table: audit_events
Error saving audit event: no such table: audit_events
Error saving audit event: no such table: audit_events
Error saving audit event: no such table: audit_events
Error saving audit event: no such table: audit_events
Error saving audit event: no such table: audit_events
Error saving audit event: no such table: audit_events
Error saving audit event: no such table: audit_events
Error saving audit event: no such table: audit_events
Error saving audit event: no such table: audit_events
Error saving audit event: no such table: audit_events
Error saving audit event: no such table: audit_events
Error saving audit event: no such table: audit_events
Error saving audit event: no such table: audit_events
Error saving audit event: no such table: audit_events
Error saving audit event: no such table: audit_events
Error saving audit event: no such table: audit_events
Error saving audit event: no such table: audit_events
Error saving audit event: no such table: audit_events
Error saving audit event: no such table: audit_events
Error saving audit event: no such table: audit_events
Error saving audit event: no such table: audit_events
Error saving audit event: no such table: audit_events
Error saving audit event: no such table: audit_events
Error saving audit event: no such table: audit_events
Error saving audit event: no such table: audit_events
Error saving audit event: no such table: audit_events
Error saving audit event: no such table: audit_events
Error saving audit event: no such table: audit_events
Error saving audit event: no such table: audit_events
Error saving audit event: no such table: audit_events
Error saving audit event: no such table: audit_events
Error saving audit event: no such table: audit_events
Error saving audit event: no such table: audit_events
Error saving audit event: no such table: audit_events
Error saving audit event: no such table: audit_events
Error saving audit event: no such table: audit_events
Error saving audit event: no such table: audit_events
Error saving audit event: no such table: audit_events
Error saving audit event: no such table: audit_events
Error saving audit event: no such table: audit_events
Error saving audit event: no such table: audit_events
Error saving audit event: no such table: audit_events
Error saving audit event: no such table: audit_events
Error saving audit event: no such table: audit_events
Error saving audit event: no such table: audit_events
Error saving audit event: no such table: audit_events
Error saving audit event: no such table: audit_events
Error saving audit event: no such table: audit_events
Error saving audit event: no such table: audit_events
Error saving audit event: no such table: audit_events
Error saving audit event: no such table: audit_events
Error saving audit event: no such table: audit_events
Error saving audit event: no such table: audit_events
Error saving audit event: no such table: audit_events
Error saving audit event: no such table: audit_events
Error saving audit event: no such table: audit_events
Error saving audit event: no such table: audit_events
Error saving audit event: no such table: audit_events
Error saving audit event: no such table: audit_events
Error saving audit event: no such table: audit_events
Error saving audit event: no such table: audit_events
Error saving audit event: no such table: audit_events
Error saving audit event: no such table: audit_events
Error saving audit event: no such table: audit_events
Error saving audit event: no such table: audit_events
Error saving audit event: no such table: audit_events
Error saving audit event: no such table: audit_events
Error saving audit event: no such table: audit_events
Error saving audit event: no such table: audit_events
Error saving audit event: no such table: audit_events
Error saving audit event: no such table: audit_events
Error saving audit event: no such table: audit_events
Error saving audit event: no such table: audit_events
Error saving audit event: no such table: audit_events
Error saving audit event: no such table: audit_events
Error saving audit event: no such table: audit_events
Error saving audit event: no such table: audit_events
Error saving audit event: no such table: audit_events
Error saving audit event: no such table: audit_events
Error saving audit event: no such table: audit_events
Error saving audit event: no such table: audit_events
Error saving audit event: no such table: audit_events
Error saving audit event: no such table: audit_events
Error saving audit event: no such table: audit_events
Error saving audit event: no such table: audit_events
Error saving audit event: no such table: audit_events
Error saving audit event: no such table: audit_events
Error saving audit event: no such table: audit_events
Error saving audit event: no such table: audit_events
Error saving audit event: no such table: audit_events
Error saving audit event: no such table: audit_events
Error saving audit event: no such table: audit_events
Error saving audit event: no such table: audit_events
Error saving audit event: no such table: audit_events
Error saving audit event: no such table: audit_events
Error saving audit event: no such table: audit_events
Error saving audit event: no such table: audit_events
Error saving audit event: no such table: audit_events
Error saving audit event: no such table: audit_events
Error saving audit event: no such table: audit_events
Error saving audit event: no such table: audit_events
Error saving audit event: no such table: audit_events
Error saving audit event: no such table: audit_events
Error saving audit event: no such table: audit_events
Error saving audit event: no such table: audit_events
Error saving audit event: no such table: audit_events
Error saving audit event: no such table: audit_events
Error saving audit event: no such table: audit_events
Error saving audit event: no such table: audit_events
Error saving audit event: no such table: audit_events
Error saving audit event: no such table: audit_events
Error saving audit event: no such table: audit_events
Error saving audit event: no such table: audit_events
Error saving audit event: no such table: audit_events
Error saving audit event: no such table: audit_events
Error saving audit event: no such table: audit_events
Error saving audit event: no such table: audit_events
Error saving audit event: no such table: audit_events
Error saving audit event: no such table: audit_events
Error saving audit event: no such table: audit_events
Error saving audit event: no such table: audit_events
Error saving audit event: no such table: audit_events
Error saving audit event: no such table: audit_events
Error saving audit event: no such table: audit_events
Error saving audit event: no such table: audit_events
Error saving audit event: no such table: audit_events
Error saving audit event: no such table: audit_events
Error saving audit event: no such table: audit_events
Error saving audit event: no such table: audit_events
Error saving audit event: no such table: audit_events
Error saving audit event: no such table: audit_events
Error saving audit event: no such table: audit_events
Error saving audit event: no such table: audit_events
Error saving audit event: no such table: audit_events
Error saving audit event: no such table: audit_events
Error saving audit event: no such table: audit_events
Error saving audit event: no such table: audit_events
Error saving audit event: no such table: audit_events
Error saving audit event: no such table: audit_events
Error saving audit event: no such table: audit_events
Error saving audit event: no such table: audit_events
Error saving audit event: no such table: audit_events
Error saving audit event: no such table: audit_events
Error saving audit event: no such table: audit_events
Error saving audit event: no such table: audit_events
Error saving audit event: no such table: audit_events
Error saving audit event: no such table: audit_events
Error saving audit event: no such table: audit_events
Error saving audit event: no such table: audit_events
Error saving audit event: no such table: audit_events
Error saving audit event: no such table: audit_events
Error saving audit event: no such table: audit_events
Error saving audit event: no such table: audit_events
Error saving audit event: no such table: audit_events
Error saving audit event: no such table: audit_events
Error saving audit event: no such table: audit_events
Error saving audit event: no such table: audit_events
Error saving audit event: no such table: audit_events
Error saving audit event: no such table: audit_events
Error saving audit event: no such table: audit_events
Error saving audit event: no such table: audit_events
Error saving audit event: no such table: audit_events
Error saving audit event: no such table: audit_events
Error saving audit event: no such table: audit_events
Error saving audit event: no such table: audit_events
Error saving audit event: no such table: audit_events
Error saving audit event: no such table: audit_events
Error saving audit event: no such table: audit_events
Error saving audit event: no such table: audit_events
Error saving audit event: no such table: audit_events
Error saving audit event: no such table: audit_events
Error saving audit event: no such table: audit_events
Error saving audit event: no such table: audit_events
Error saving audit event: no such table: audit_events
Error saving audit event: no such table: audit_events
Error saving audit event: no such table: audit_events
Error saving audit event: no such table: audit_events
Error saving audit event: no such table: audit_events
Error saving audit event: no such table: audit_events
Error saving audit event: no such table: audit_events
Error saving audit event: no such table: audit_events
Error saving audit event: no such table: audit_events
Error saving audit event: no such table: audit_events
Error saving audit event: no such table: audit_events
Error saving audit event: no such table: audit_events
Error saving audit event: no such table: audit_events
Error saving audit event: no such table: audit_events
Error saving audit event: no such table: audit_events
Error saving audit event: no such table: audit_events
Error saving audit event: no such table: audit_events
Error saving audit event: no such table: audit_events
Error saving audit event: no such table: audit_events
Error saving audit event: no such table: audit_events
Error saving audit event: no such table: audit_events
Error saving audit event: no such table: audit_events
Error saving audit event: no such table: audit_events
Error saving audit event: no such table: audit_events
Error saving audit event: no such table: audit_events
Error saving audit event: no such table: audit_events
Error saving audit event: no such table: audit_events
Error saving audit event: no such table: audit_events
Error saving audit event: no such table: audit_events
Error saving audit event: no such table: audit_events
Error saving audit event: no such table: audit_events
Error saving audit event: no such table: audit_events
Error saving audit event: no such table: audit_events
Error saving audit event: no such table: audit_events
Error saving audit event: no such table: audit_events
Error saving audit event: no such table: audit_events
Error saving audit event: no such table: audit_events
Error saving audit event: no such table: audit_events
Error saving audit event: no such table: audit_events
Error saving audit event: no such table: audit_events
Error saving audit event: no such table: audit_events
Error saving audit event: no such table: audit_events
Error saving audit event: no such table: audit_events
Error saving audit event: no such table: audit_events
Error saving audit event: no such table: audit_events
Error saving audit event: no such table: audit_events
Error saving audit event: no such table: audit_events
Error saving audit event: no such table: audit_events
Error saving audit event: no such table: audit_events
Error saving audit event: no such table: audit_events
Error saving audit event: no such table: audit_events
Error saving audit event: no such table: audit_events
Error saving audit event: no such table: audit_events
Error saving audit event: no such table: audit_events
Error saving audit event: no such table: audit_events
Error saving audit event: no such table: audit_events
Error saving audit event: no such table: audit_events
Error saving audit event: no such table: audit_events
Error saving audit event: no such table: audit_events
Error saving audit event: no such table: audit_events
Error saving audit event: no such table: audit_events
Error saving audit event: no such table: audit_events
Error saving audit event: no such table: audit_events
Error saving audit event: no such table: audit_events
Error saving audit event: no such table: audit_events
Error saving audit event: no such table: audit_events
Error saving audit event: no such table: audit_events
Error saving audit event: no such table: audit_events
Error saving audit event: no such table: audit_events
Error saving audit event: no such table: audit_events
Error saving audit event: no such table: audit_events
Error saving audit event: no such table: audit_events
Error saving audit event: no such table: audit_events
Error saving audit event: no such table: audit_events
Error saving audit event: no such table: audit_events
Error saving audit event: no such table: audit_events
Error saving audit event: no such table: audit_events
Error saving audit event: no such table: audit_events
Error saving audit event: no such table: audit_events
Error saving audit event: no such table: audit_events
Error saving audit event: no such table: audit_events
Error saving audit event: no such table: audit_events
Error saving audit event: no such table: audit_events
Error saving audit event: no such table: audit_events
Error saving audit event: no such table: audit_events
Error saving audit event: no such table: audit_events
Error saving audit event: no such table: audit_events
Error saving audit event: no such table: audit_events
